Archive member included to satisfy reference by file (symbol)

c:/st/stm32cubeide_1.7.0/stm32cubeide/plugins/com.st.stm32cube.ide.mcu.externaltools.gnu-tools-for-stm32.10.3-2021.10.win32_1.0.0.202111181127/tools/bin/../lib/gcc/arm-none-eabi/10.3.1/../../../../arm-none-eabi/lib/thumb/v7e-m+fp/hard\libc_nano.a(lib_a-errno.o)
                              ./Core/Src/syscalls.o (__errno)
c:/st/stm32cubeide_1.7.0/stm32cubeide/plugins/com.st.stm32cube.ide.mcu.externaltools.gnu-tools-for-stm32.10.3-2021.10.win32_1.0.0.202111181127/tools/bin/../lib/gcc/arm-none-eabi/10.3.1/../../../../arm-none-eabi/lib/thumb/v7e-m+fp/hard\libc_nano.a(lib_a-exit.o)
                              c:/st/stm32cubeide_1.7.0/stm32cubeide/plugins/com.st.stm32cube.ide.mcu.externaltools.gnu-tools-for-stm32.10.3-2021.10.win32_1.0.0.202111181127/tools/bin/../lib/gcc/arm-none-eabi/10.3.1/../../../../arm-none-eabi/lib/thumb/v7e-m+fp/hard/crt0.o (exit)
c:/st/stm32cubeide_1.7.0/stm32cubeide/plugins/com.st.stm32cube.ide.mcu.externaltools.gnu-tools-for-stm32.10.3-2021.10.win32_1.0.0.202111181127/tools/bin/../lib/gcc/arm-none-eabi/10.3.1/../../../../arm-none-eabi/lib/thumb/v7e-m+fp/hard\libc_nano.a(lib_a-impure.o)
                              c:/st/stm32cubeide_1.7.0/stm32cubeide/plugins/com.st.stm32cube.ide.mcu.externaltools.gnu-tools-for-stm32.10.3-2021.10.win32_1.0.0.202111181127/tools/bin/../lib/gcc/arm-none-eabi/10.3.1/../../../../arm-none-eabi/lib/thumb/v7e-m+fp/hard\libc_nano.a(lib_a-exit.o) (_global_impure_ptr)
c:/st/stm32cubeide_1.7.0/stm32cubeide/plugins/com.st.stm32cube.ide.mcu.externaltools.gnu-tools-for-stm32.10.3-2021.10.win32_1.0.0.202111181127/tools/bin/../lib/gcc/arm-none-eabi/10.3.1/../../../../arm-none-eabi/lib/thumb/v7e-m+fp/hard\libc_nano.a(lib_a-init.o)
                              c:/st/stm32cubeide_1.7.0/stm32cubeide/plugins/com.st.stm32cube.ide.mcu.externaltools.gnu-tools-for-stm32.10.3-2021.10.win32_1.0.0.202111181127/tools/bin/../lib/gcc/arm-none-eabi/10.3.1/../../../../arm-none-eabi/lib/thumb/v7e-m+fp/hard/crt0.o (__libc_init_array)
c:/st/stm32cubeide_1.7.0/stm32cubeide/plugins/com.st.stm32cube.ide.mcu.externaltools.gnu-tools-for-stm32.10.3-2021.10.win32_1.0.0.202111181127/tools/bin/../lib/gcc/arm-none-eabi/10.3.1/../../../../arm-none-eabi/lib/thumb/v7e-m+fp/hard\libc_nano.a(lib_a-memset.o)
                              c:/st/stm32cubeide_1.7.0/stm32cubeide/plugins/com.st.stm32cube.ide.mcu.externaltools.gnu-tools-for-stm32.10.3-2021.10.win32_1.0.0.202111181127/tools/bin/../lib/gcc/arm-none-eabi/10.3.1/../../../../arm-none-eabi/lib/thumb/v7e-m+fp/hard/crt0.o (memset)
c:/st/stm32cubeide_1.7.0/stm32cubeide/plugins/com.st.stm32cube.ide.mcu.externaltools.gnu-tools-for-stm32.10.3-2021.10.win32_1.0.0.202111181127/tools/bin/../lib/gcc/arm-none-eabi/10.3.1/thumb/v7e-m+fp/hard\libgcc.a(_aeabi_uldivmod.o)
                              ./Drivers/STM32L4xx_HAL_Driver/Src/stm32l4xx_hal_uart.o (__aeabi_uldivmod)
c:/st/stm32cubeide_1.7.0/stm32cubeide/plugins/com.st.stm32cube.ide.mcu.externaltools.gnu-tools-for-stm32.10.3-2021.10.win32_1.0.0.202111181127/tools/bin/../lib/gcc/arm-none-eabi/10.3.1/thumb/v7e-m+fp/hard\libgcc.a(_udivmoddi4.o)
                              c:/st/stm32cubeide_1.7.0/stm32cubeide/plugins/com.st.stm32cube.ide.mcu.externaltools.gnu-tools-for-stm32.10.3-2021.10.win32_1.0.0.202111181127/tools/bin/../lib/gcc/arm-none-eabi/10.3.1/thumb/v7e-m+fp/hard\libgcc.a(_aeabi_uldivmod.o) (__udivmoddi4)
c:/st/stm32cubeide_1.7.0/stm32cubeide/plugins/com.st.stm32cube.ide.mcu.externaltools.gnu-tools-for-stm32.10.3-2021.10.win32_1.0.0.202111181127/tools/bin/../lib/gcc/arm-none-eabi/10.3.1/thumb/v7e-m+fp/hard\libgcc.a(_dvmd_tls.o)
                              c:/st/stm32cubeide_1.7.0/stm32cubeide/plugins/com.st.stm32cube.ide.mcu.externaltools.gnu-tools-for-stm32.10.3-2021.10.win32_1.0.0.202111181127/tools/bin/../lib/gcc/arm-none-eabi/10.3.1/thumb/v7e-m+fp/hard\libgcc.a(_aeabi_uldivmod.o) (__aeabi_ldiv0)

Discarded input sections

 .text          0x0000000000000000        0x0 c:/st/stm32cubeide_1.7.0/stm32cubeide/plugins/com.st.stm32cube.ide.mcu.externaltools.gnu-tools-for-stm32.10.3-2021.10.win32_1.0.0.202111181127/tools/bin/../lib/gcc/arm-none-eabi/10.3.1/thumb/v7e-m+fp/hard/crti.o
 .data          0x0000000000000000        0x0 c:/st/stm32cubeide_1.7.0/stm32cubeide/plugins/com.st.stm32cube.ide.mcu.externaltools.gnu-tools-for-stm32.10.3-2021.10.win32_1.0.0.202111181127/tools/bin/../lib/gcc/arm-none-eabi/10.3.1/thumb/v7e-m+fp/hard/crti.o
 .bss           0x0000000000000000        0x0 c:/st/stm32cubeide_1.7.0/stm32cubeide/plugins/com.st.stm32cube.ide.mcu.externaltools.gnu-tools-for-stm32.10.3-2021.10.win32_1.0.0.202111181127/tools/bin/../lib/gcc/arm-none-eabi/10.3.1/thumb/v7e-m+fp/hard/crti.o
[...]
Memory Configuration

Name             Origin             Length             Attributes
RAM              0x0000000020000000 0x00000000000a0000 xrw
RAM2             0x0000000010000000 0x0000000000010000 xrw
RAM3             0x0000000020040000 0x0000000000060000 xrw
FLASH            0x0000000008000000 0x0000000000200000 xr
*default*        0x0000000000000000 0xffffffffffffffff

Linker script and memory map

LOAD c:/st/stm32cubeide_1.7.0/stm32cubeide/plugins/com.st.stm32cube.ide.mcu.externaltools.gnu-tools-for-stm32.10.3-2021.10.win32_1.0.0.202111181127/tools/bin/../lib/gcc/arm-none-eabi/10.3.1/thumb/v7e-m+fp/hard/crti.o
LOAD c:/st/stm32cubeide_1.7.0/stm32cubeide/plugins/com.st.stm32cube.ide.mcu.externaltools.gnu-tools-for-stm32.10.3-2021.10.win32_1.0.0.202111181127/tools/bin/../lib/gcc/arm-none-eabi/10.3.1/thumb/v7e-m+fp/hard/crtbegin.o
LOAD c:/st/stm32cubeide_1.7.0/stm32cubeide/plugins/com.st.stm32cube.ide.mcu.externaltools.gnu-tools-for-stm32.10.3-2021.10.win32_1.0.0.202111181127/tools/bin/../lib/gcc/arm-none-eabi/10.3.1/../../../../arm-none-eabi/lib/thumb/v7e-m+fp/hard/crt0.o
LOAD ./Core/Src/graphicsDisplay.o
LOAD ./Core/Src/main.o
LOAD ./Core/Src/stm32l4xx_hal_msp.o
LOAD ./Core/Src/stm32l4xx_it.o
LOAD ./Core/Src/syscalls.o
LOAD ./Core/Src/sysmem.o
LOAD ./Core/Src/system_stm32l4xx.o
LOAD ./Core/Startup/startup_stm32l4r5zitxp.o
LOAD ./Drivers/STM32L4xx_HAL_Driver/Src/stm32l4xx_hal.o
LOAD ./Drivers/STM32L4xx_HAL_Driver/Src/stm32l4xx_hal_cortex.o
LOAD ./Drivers/STM32L4xx_HAL_Driver/Src/stm32l4xx_hal_dma.o
LOAD ./Drivers/STM32L4xx_HAL_Driver/Src/stm32l4xx_hal_dma_ex.o
LOAD ./Drivers/STM32L4xx_HAL_Driver/Src/stm32l4xx_hal_exti.o
LOAD ./Drivers/STM32L4xx_HAL_Driver/Src/stm32l4xx_hal_flash.o
LOAD ./Drivers/STM32L4xx_HAL_Driver/Src/stm32l4xx_hal_flash_ex.o
LOAD ./Drivers/STM32L4xx_HAL_Driver/Src/stm32l4xx_hal_flash_ramfunc.o
LOAD ./Drivers/STM32L4xx_HAL_Driver/Src/stm32l4xx_hal_gpio.o
LOAD ./Drivers/STM32L4xx_HAL_Driver/Src/stm32l4xx_hal_i2c.o
LOAD ./Drivers/STM32L4xx_HAL_Driver/Src/stm32l4xx_hal_i2c_ex.o
LOAD ./Drivers/STM32L4xx_HAL_Driver/Src/stm32l4xx_hal_pwr.o
LOAD ./Drivers/STM32L4xx_HAL_Driver/Src/stm32l4xx_hal_pwr_ex.o
LOAD ./Drivers/STM32L4xx_HAL_Driver/Src/stm32l4xx_hal_rcc.o
LOAD ./Drivers/STM32L4xx_HAL_Driver/Src/stm32l4xx_hal_rcc_ex.o
LOAD ./Drivers/STM32L4xx_HAL_Driver/Src/stm32l4xx_hal_spi.o
LOAD ./Drivers/STM32L4xx_HAL_Driver/Src/stm32l4xx_hal_spi_ex.o
LOAD ./Drivers/STM32L4xx_HAL_Driver/Src/stm32l4xx_hal_tim.o
LOAD ./Drivers/STM32L4xx_HAL_Driver/Src/stm32l4xx_hal_tim_ex.o
LOAD ./Drivers/STM32L4xx_HAL_Driver/Src/stm32l4xx_hal_uart.o
LOAD ./Drivers/STM32L4xx_HAL_Driver/Src/stm32l4xx_hal_uart_ex.o
START GROUP
LOAD c:/st/stm32cubeide_1.7.0/stm32cubeide/plugins/com.st.stm32cube.ide.mcu.externaltools.gnu-tools-for-stm32.10.3-2021.10.win32_1.0.0.202111181127/tools/bin/../lib/gcc/arm-none-eabi/10.3.1/../../../../arm-none-eabi/lib/thumb/v7e-m+fp/hard\libc_nano.a
LOAD c:/st/stm32cubeide_1.7.0/stm32cubeide/plugins/com.st.stm32cube.ide.mcu.externaltools.gnu-tools-for-stm32.10.3-2021.10.win32_1.0.0.202111181127/tools/bin/../lib/gcc/arm-none-eabi/10.3.1/../../../../arm-none-eabi/lib/thumb/v7e-m+fp/hard\libm.a
END GROUP
START GROUP
LOAD c:/st/stm32cubeide_1.7.0/stm32cubeide/plugins/com.st.stm32cube.ide.mcu.externaltools.gnu-tools-for-stm32.10.3-2021.10.win32_1.0.0.202111181127/tools/bin/../lib/gcc/arm-none-eabi/10.3.1/thumb/v7e-m+fp/hard\libgcc.a
LOAD c:/st/stm32cubeide_1.7.0/stm32cubeide/plugins/com.st.stm32cube.ide.mcu.externaltools.gnu-tools-for-stm32.10.3-2021.10.win32_1.0.0.202111181127/tools/bin/../lib/gcc/arm-none-eabi/10.3.1/../../../../arm-none-eabi/lib/thumb/v7e-m+fp/hard\libc_nano.a
END GROUP
START GROUP
LOAD c:/st/stm32cubeide_1.7.0/stm32cubeide/plugins/com.st.stm32cube.ide.mcu.externaltools.gnu-tools-for-stm32.10.3-2021.10.win32_1.0.0.202111181127/tools/bin/../lib/gcc/arm-none-eabi/10.3.1/thumb/v7e-m+fp/hard\libgcc.a
LOAD c:/st/stm32cubeide_1.7.0/stm32cubeide/plugins/com.st.stm32cube.ide.mcu.externaltools.gnu-tools-for-stm32.10.3-2021.10.win32_1.0.0.202111181127/tools/bin/../lib/gcc/arm-none-eabi/10.3.1/../../../../arm-none-eabi/lib/thumb/v7e-m+fp/hard\libc_nano.a
LOAD c:/st/stm32cubeide_1.7.0/stm32cubeide/plugins/com.st.stm32cube.ide.mcu.externaltools.gnu-tools-for-stm32.10.3-2021.10.win32_1.0.0.202111181127/tools/bin/../lib/gcc/arm-none-eabi/10.3.1/../../../../arm-none-eabi/lib/thumb/v7e-m+fp/hard\libnosys.a
END GROUP
START GROUP
LOAD c:/st/stm32cubeide_1.7.0/stm32cubeide/plugins/com.st.stm32cube.ide.mcu.externaltools.gnu-tools-for-stm32.10.3-2021.10.win32_1.0.0.202111181127/tools/bin/../lib/gcc/arm-none-eabi/10.3.1/thumb/v7e-m+fp/hard\libgcc.a
LOAD c:/st/stm32cubeide_1.7.0/stm32cubeide/plugins/com.st.stm32cube.ide.mcu.externaltools.gnu-tools-for-stm32.10.3-2021.10.win32_1.0.0.202111181127/tools/bin/../lib/gcc/arm-none-eabi/10.3.1/../../../../arm-none-eabi/lib/thumb/v7e-m+fp/hard\libc_nano.a
LOAD c:/st/stm32cubeide_1.7.0/stm32cubeide/plugins/com.st.stm32cube.ide.mcu.externaltools.gnu-tools-for-stm32.10.3-2021.10.win32_1.0.0.202111181127/tools/bin/../lib/gcc/arm-none-eabi/10.3.1/../../../../arm-none-eabi/lib/thumb/v7e-m+fp/hard\libnosys.a
END GROUP
LOAD c:/st/stm32cubeide_1.7.0/stm32cubeide/plugins/com.st.stm32cube.ide.mcu.externaltools.gnu-tools-for-stm32.10.3-2021.10.win32_1.0.0.202111181127/tools/bin/../lib/gcc/arm-none-eabi/10.3.1/thumb/v7e-m+fp/hard/crtend.o
LOAD c:/st/stm32cubeide_1.7.0/stm32cubeide/plugins/com.st.stm32cube.ide.mcu.externaltools.gnu-tools-for-stm32.10.3-2021.10.win32_1.0.0.202111181127/tools/bin/../lib/gcc/arm-none-eabi/10.3.1/thumb/v7e-m+fp/hard/crtn.o
                0x00000000200a0000                _estack = (ORIGIN (RAM) + LENGTH (RAM))
                0x0000000000000200                _Min_Heap_Size = 0x200
                0x0000000000000400                _Min_Stack_Size = 0x400

.isr_vector     0x0000000008000000      0x1bc
                0x0000000008000000                . = ALIGN (0x4)
 *(.isr_vector)
 .isr_vector    0x0000000008000000      0x1bc ./Core/Startup/startup_stm32l4r5zitxp.o
                0x0000000008000000                g_pfnVectors
                0x00000000080001bc                . = ALIGN (0x4)

.text           0x00000000080001bc     0xf460
                0x00000000080001bc                . = ALIGN (0x4)
 *(.text)
 .text          0x00000000080001bc       0x40 c:/st/stm32cubeide_1.7.0/stm32cubeide/plugins/com.st.stm32cube.ide.mcu.externaltools.gnu-tools-for-stm32.10.3-2021.10.win32_1.0.0.202111181127/tools/bin/../lib/gcc/arm-none-eabi/10.3.1/thumb/v7e-m+fp/hard/crtbegin.o
 .text          0x00000000080001fc      0x384 ./Core/Src/graphicsDisplay.o
                0x00000000080001fc                graphicsDisplayInit
                0x000000000800029c                writeCommand
                0x00000000080002dc                SPI_write16
                0x0000000008000314                setAddrWindow
                0x000000000800038e                writeInplace
                0x00000000080003c6                writePixel
                0x000000000800042c                printPicture
                0x00000000080004c4                resetDistributedPP
                0x00000000080004dc                distributedPrintPicture
 .text          0x0000000008000580      0xa30 ./Core/Src/main.o
                0x0000000008000580                main
                0x00000000080005e4                SystemClock_Config
                0x0000000008000cf8                keypad
                0x0000000008000f00                toggleArmed
                0x0000000008000f4c                HAL_UART_RxCpltCallback
                0x0000000008000fa4                Error_Handler
 .text          0x0000000008000fb0      0x2d4 ./Core/Src/stm32l4xx_hal_msp.o
                0x0000000008000fb0                HAL_MspInit
                0x0000000008000ff8                HAL_SPI_MspInit
                0x000000000800107c                HAL_SPI_MspDeInit
                0x00000000080010b4                HAL_UART_MspInit
                0x0000000008001218                HAL_UART_MspDeInit
 .text          0x0000000008001284       0x7c ./Core/Src/stm32l4xx_it.o
                0x0000000008001284                NMI_Handler
                0x000000000800128a                HardFault_Handler
                0x0000000008001290                MemManage_Handler
                0x0000000008001296                BusFault_Handler
                0x000000000800129c                UsageFault_Handler
                0x00000000080012a2                SVC_Handler
                0x00000000080012b0                DebugMon_Handler
                0x00000000080012be                PendSV_Handler
                0x00000000080012cc                SysTick_Handler
                0x00000000080012d8                USART2_IRQHandler
                0x00000000080012ec                USART3_IRQHandler
 .text          0x0000000008001300      0x180 ./Core/Src/system_stm32l4xx.o
                0x0000000008001300                SystemInit
                0x0000000008001324                SystemCoreClockUpdate
 .text          0x0000000008001480      0x540 ./Drivers/STM32L4xx_HAL_Driver/Src/stm32l4xx_hal.o
                0x0000000008001480                HAL_Init
                0x00000000080014b0                HAL_DeInit
                0x0000000008001526                HAL_MspDeInit
                0x0000000008001534                HAL_InitTick
                0x00000000080015ac                HAL_IncTick
                0x00000000080015d4                HAL_GetTick
                0x00000000080015ec                HAL_GetTickPrio
                0x0000000008001604                HAL_SetTickFreq
                0x0000000008001654                HAL_GetTickFreq
                0x000000000800166c                HAL_Delay
                0x00000000080016b4                HAL_SuspendTick
                0x00000000080016d4                HAL_ResumeTick
                0x00000000080016f4                HAL_GetHalVersion
                0x0000000008001708                HAL_GetREVID
                0x0000000008001724                HAL_GetDEVID
                0x0000000008001740                HAL_GetUIDw0
                0x0000000008001758                HAL_GetUIDw1
                0x0000000008001770                HAL_GetUIDw2
                0x0000000008001788                HAL_DBGMCU_EnableDBGSleepMode
                0x00000000080017a8                HAL_DBGMCU_DisableDBGSleepMode
                0x00000000080017c8                HAL_DBGMCU_EnableDBGStopMode
                0x00000000080017e8                HAL_DBGMCU_DisableDBGStopMode
                0x0000000008001808                HAL_DBGMCU_EnableDBGStandbyMode
                0x0000000008001828                HAL_DBGMCU_DisableDBGStandbyMode
                0x0000000008001848                HAL_SYSCFG_SRAM2Erase
                0x0000000008001870                HAL_SYSCFG_EnableMemorySwappingBank
                0x0000000008001888                HAL_SYSCFG_DisableMemorySwappingBank
                0x00000000080018a0                HAL_SYSCFG_VREFBUF_VoltageScalingConfig
                0x00000000080018c8                HAL_SYSCFG_VREFBUF_HighImpedanceConfig
                0x00000000080018f0                HAL_SYSCFG_VREFBUF_TrimmingConfig
                0x0000000008001918                HAL_SYSCFG_EnableVREFBUF
                0x0000000008001960                HAL_SYSCFG_DisableVREFBUF
                0x0000000008001980                HAL_SYSCFG_EnableIOAnalogSwitchBooster
                0x00000000080019a0                HAL_SYSCFG_DisableIOAnalogSwitchBooster
 .text          0x00000000080019c0      0x64c ./Drivers/STM32L4xx_HAL_Driver/Src/stm32l4xx_hal_cortex.o
                0x0000000008001d90                HAL_NVIC_SetPriorityGrouping
                0x0000000008001da6                HAL_NVIC_SetPriority
                0x0000000008001dde                HAL_NVIC_EnableIRQ
                0x0000000008001dfa                HAL_NVIC_DisableIRQ
                0x0000000008001e16                HAL_NVIC_SystemReset
                0x0000000008001e1e                HAL_SYSTICK_Config
                0x0000000008001e36                HAL_NVIC_GetPriorityGrouping
                0x0000000008001e44                HAL_NVIC_GetPriority
                0x0000000008001e70                HAL_NVIC_SetPendingIRQ
                0x0000000008001e8c                HAL_NVIC_GetPendingIRQ
                0x0000000008001eaa                HAL_NVIC_ClearPendingIRQ
                0x0000000008001ec6                HAL_NVIC_GetActive
                0x0000000008001ee4                HAL_SYSTICK_CLKSourceConfig
                0x0000000008001f1c                HAL_SYSTICK_IRQHandler
                0x0000000008001f28                HAL_SYSTICK_Callback
                0x0000000008001f36                HAL_MPU_Enable
                0x0000000008001f64                HAL_MPU_Disable
                0x0000000008001f84                HAL_MPU_ConfigRegion
 .text          0x000000000800200c      0xb34 ./Drivers/STM32L4xx_HAL_Driver/Src/stm32l4xx_hal_dma.o
                0x000000000800200c                HAL_DMA_Init
                0x000000000800215c                HAL_DMA_DeInit
                0x0000000008002288                HAL_DMA_Start
                0x000000000800230e                HAL_DMA_Start_IT
                0x0000000008002404                HAL_DMA_Abort
                0x00000000080024bc                HAL_DMA_Abort_IT
                0x000000000800257a                HAL_DMA_PollForTransfer
                0x000000000800272c                HAL_DMA_IRQHandler
                0x000000000800288a                HAL_DMA_RegisterCallback
                0x000000000800291c                HAL_DMA_UnRegisterCallback
                0x00000000080029ca                HAL_DMA_GetState
                0x00000000080029e6                HAL_DMA_GetError
 .text          0x0000000008002b40      0x634 ./Drivers/STM32L4xx_HAL_Driver/Src/stm32l4xx_hal_gpio.o
                0x0000000008002b40                HAL_GPIO_Init
                0x0000000008002e64                HAL_GPIO_DeInit
                0x0000000008003048                HAL_GPIO_ReadPin
                0x0000000008003078                HAL_GPIO_WritePin
                0x00000000080030a8                HAL_GPIO_TogglePin
                0x00000000080030dc                HAL_GPIO_LockPin
                0x000000000800312c                HAL_GPIO_EXTI_IRQHandler
                0x000000000800315c                HAL_GPIO_EXTI_Callback
 .text          0x0000000008003174      0x334 ./Drivers/STM32L4xx_HAL_Driver/Src/stm32l4xx_hal_pwr.o
                0x0000000008003174                HAL_PWR_DeInit
                0x00000000080031a0                HAL_PWR_EnableBkUpAccess
                0x00000000080031c0                HAL_PWR_DisableBkUpAccess
                0x00000000080031e0                HAL_PWR_ConfigPVD
                0x00000000080032a0                HAL_PWR_EnablePVD
                0x00000000080032c0                HAL_PWR_DisablePVD
                0x00000000080032e0                HAL_PWR_EnableWakeUpPin
                0x0000000008003320                HAL_PWR_DisableWakeUpPin
                0x000000000800334c                HAL_PWR_EnterSLEEPMode
                0x00000000080033b4                HAL_PWR_EnterSTOPMode
                0x00000000080033e2                HAL_PWR_EnterSTANDBYMode
                0x0000000008003418                HAL_PWR_EnableSleepOnExit
                0x0000000008003438                HAL_PWR_DisableSleepOnExit
                0x0000000008003458                HAL_PWR_EnableSEVOnPend
                0x0000000008003478                HAL_PWR_DisableSEVOnPend
                0x0000000008003498                HAL_PWR_PVDCallback
 .text          0x00000000080034a8      0xea8 ./Drivers/STM32L4xx_HAL_Driver/Src/stm32l4xx_hal_pwr_ex.o
                0x00000000080034a8                HAL_PWREx_GetVoltageRange
                0x00000000080034e8                HAL_PWREx_ControlVoltageScaling
                0x0000000008003630                HAL_PWREx_EnableBatteryCharging
                0x0000000008003664                HAL_PWREx_DisableBatteryCharging
                0x0000000008003684                HAL_PWREx_EnableVddUSB
                0x00000000080036a4                HAL_PWREx_DisableVddUSB
                0x00000000080036c4                HAL_PWREx_EnableVddIO2
                0x00000000080036e4                HAL_PWREx_DisableVddIO2
                0x0000000008003704                HAL_PWREx_EnableInternalWakeUpLine
                0x0000000008003724                HAL_PWREx_DisableInternalWakeUpLine
                0x0000000008003744                HAL_PWREx_EnableGPIOPullUp
                0x00000000080038b0                HAL_PWREx_DisableGPIOPullUp
                0x00000000080039a4                HAL_PWREx_EnableGPIOPullDown
                0x0000000008003b10                HAL_PWREx_DisableGPIOPullDown
                0x0000000008003c08                HAL_PWREx_EnablePullUpPullDownConfig
                0x0000000008003c28                HAL_PWREx_DisablePullUpPullDownConfig
                0x0000000008003c48                HAL_PWREx_EnableSRAM2ContentRetention
                0x0000000008003c58                HAL_PWREx_DisableSRAM2ContentRetention
                0x0000000008003c66                HAL_PWREx_SetSRAM2ContentRetention
                0x0000000008003cb0                HAL_PWREx_EnableSRAM3ContentRetention
                0x0000000008003cd0                HAL_PWREx_DisableSRAM3ContentRetention
                0x0000000008003cf0                HAL_PWREx_EnableDSIPinsPDActivation
                0x0000000008003d10                HAL_PWREx_DisableDSIPinsPDActivation
                0x0000000008003d30                HAL_PWREx_EnablePVM1
                0x0000000008003d50                HAL_PWREx_DisablePVM1
                0x0000000008003d70                HAL_PWREx_EnablePVM2
                0x0000000008003d90                HAL_PWREx_DisablePVM2
                0x0000000008003db0                HAL_PWREx_EnablePVM3
                0x0000000008003dd0                HAL_PWREx_DisablePVM3
                0x0000000008003df0                HAL_PWREx_EnablePVM4
                0x0000000008003e10                HAL_PWREx_DisablePVM4
                0x0000000008003e30                HAL_PWREx_ConfigPVM
                0x00000000080040d4                HAL_PWREx_EnableLowPowerRunMode
                0x00000000080040f4                HAL_PWREx_DisableLowPowerRunMode
                0x0000000008004164                HAL_PWREx_EnterSTOP0Mode
                0x00000000080041b8                HAL_PWREx_EnterSTOP1Mode
                0x0000000008004210                HAL_PWREx_EnterSTOP2Mode
                0x0000000008004268                HAL_PWREx_EnterSHUTDOWNMode
                0x000000000800429c                HAL_PWREx_PVD_PVM_IRQHandler
                0x0000000008004318                HAL_PWREx_PVM1Callback
                0x0000000008004326                HAL_PWREx_PVM2Callback
                0x0000000008004334                HAL_PWREx_PVM3Callback
                0x0000000008004342                HAL_PWREx_PVM4Callback
 .text          0x0000000008004350     0x11e0 ./Drivers/STM32L4xx_HAL_Driver/Src/stm32l4xx_hal_rcc.o
                0x0000000008004350                HAL_RCC_DeInit
                0x0000000008004494                HAL_RCC_OscConfig
                0x0000000008004ce0                HAL_RCC_ClockConfig
                0x0000000008004f38                HAL_RCC_MCOConfig
                0x0000000008004fa0                HAL_RCC_GetSysClockFreq
                0x00000000080050b8                HAL_RCC_GetHCLKFreq
                0x00000000080050d0                HAL_RCC_GetPCLK1Freq
                0x00000000080050fc                HAL_RCC_GetPCLK2Freq
                0x0000000008005128                HAL_RCC_GetOscConfig
                0x00000000080052bc                HAL_RCC_GetClockConfig
                0x0000000008005320                HAL_RCC_EnableCSS
                0x0000000008005340                HAL_RCC_NMI_IRQHandler
                0x0000000008005368                HAL_RCC_CSSCallback
                0x0000000008005376                HAL_RCC_GetResetSource
 .text          0x0000000008005530     0x2544 ./Drivers/STM32L4xx_HAL_Driver/Src/stm32l4xx_hal_rcc_ex.o
                0x0000000008005530                HAL_RCCEx_PeriphCLKConfig
                0x0000000008005b90                HAL_RCCEx_GetPeriphCLKConfig
                0x0000000008005dc0                HAL_RCCEx_GetPeriphCLKFreq
                0x0000000008006c04                HAL_RCCEx_EnablePLLSAI1
                0x0000000008006cdc                HAL_RCCEx_DisablePLLSAI1
                0x0000000008006d50                HAL_RCCEx_EnablePLLSAI2
                0x0000000008006e28                HAL_RCCEx_DisablePLLSAI2
                0x0000000008006e9c                HAL_RCCEx_WakeUpStopCLKConfig
                0x0000000008006ec4                HAL_RCCEx_StandbyMSIRangeConfig
                0x0000000008006ef4                HAL_RCCEx_EnableLSECSS
                0x0000000008006f18                HAL_RCCEx_DisableLSECSS
                0x0000000008006f48                HAL_RCCEx_EnableLSECSS_IT
                0x0000000008006f94                HAL_RCCEx_LSECSS_IRQHandler
                0x0000000008006fbc                HAL_RCCEx_LSECSS_Callback
                0x0000000008006fca                HAL_RCCEx_EnableLSCO
                0x000000000800709c                HAL_RCCEx_DisableLSCO
                0x0000000008007124                HAL_RCCEx_EnableMSIPLLMode
                0x0000000008007144                HAL_RCCEx_DisableMSIPLLMode
                0x0000000008007164                HAL_RCCEx_OCTOSPIDelayConfig
                0x0000000008007198                HAL_RCCEx_CRSConfig
                0x000000000800721c                HAL_RCCEx_CRSSoftwareSynchronizationGenerate
                0x000000000800723c                HAL_RCCEx_CRSGetSynchronizationInfo
                0x0000000008007284                HAL_RCCEx_CRSWaitSynchronization
                0x0000000008007368                HAL_RCCEx_CRS_IRQHandler
                0x0000000008007444                HAL_RCCEx_CRS_SyncOkCallback
                0x0000000008007452                HAL_RCCEx_CRS_SyncWarnCallback
                0x0000000008007460                HAL_RCCEx_CRS_ExpectedSyncCallback
                0x000000000800746e                HAL_RCCEx_CRS_ErrorCallback
 .text          0x0000000008007a74     0x2cc4 ./Drivers/STM32L4xx_HAL_Driver/Src/stm32l4xx_hal_spi.o
                0x0000000008007a74                HAL_SPI_Init
                0x0000000008007bba                HAL_SPI_DeInit
                0x0000000008007c32                HAL_SPI_Transmit
                0x0000000008007f0e                HAL_SPI_Receive
                0x000000000800816e                HAL_SPI_TransmitReceive
                0x0000000008008594                HAL_SPI_Transmit_IT
                0x00000000080086b0                HAL_SPI_Receive_IT
                0x0000000008008810                HAL_SPI_TransmitReceive_IT
                0x0000000008008970                HAL_SPI_Transmit_DMA
                0x0000000008008b58                HAL_SPI_Receive_DMA
                0x0000000008008da0                HAL_SPI_TransmitReceive_DMA
                0x00000000080090b8                HAL_SPI_Abort
                0x00000000080092f8                HAL_SPI_Abort_IT
                0x00000000080094ec                HAL_SPI_DMAPause
                0x0000000008009530                HAL_SPI_DMAResume
                0x0000000008009574                HAL_SPI_DMAStop
                0x00000000080095f2                HAL_SPI_IRQHandler
                0x00000000080097f0                HAL_SPI_TxCpltCallback
                0x0000000008009804                HAL_SPI_RxCpltCallback
                0x0000000008009818                HAL_SPI_TxRxCpltCallback
                0x000000000800982c                HAL_SPI_TxHalfCpltCallback
                0x0000000008009840                HAL_SPI_RxHalfCpltCallback
                0x0000000008009854                HAL_SPI_TxRxHalfCpltCallback
                0x0000000008009868                HAL_SPI_ErrorCallback
                0x000000000800987c                HAL_SPI_AbortCpltCallback
                0x0000000008009890                HAL_SPI_GetState
                0x00000000080098ac                HAL_SPI_GetError
 .text          0x000000000800a738     0x41e4 ./Drivers/STM32L4xx_HAL_Driver/Src/stm32l4xx_hal_uart.o
                0x000000000800a738                HAL_UART_Init
                0x000000000800a7d8                HAL_HalfDuplex_Init
                0x000000000800a888                HAL_LIN_Init
                0x000000000800a968                HAL_MultiProcessor_Init
                0x000000000800aa40                HAL_UART_DeInit
                0x000000000800aae0                HAL_UART_Transmit
                0x000000000800ac0e                HAL_UART_Receive
                0x000000000800adb6                HAL_UART_Transmit_IT
                0x000000000800af08                HAL_UART_Receive_IT
                0x000000000800afb4                HAL_UART_Transmit_DMA
                0x000000000800b0d8                HAL_UART_Receive_DMA
                0x000000000800b184                HAL_UART_DMAPause
                0x000000000800b2be                HAL_UART_DMAResume
                0x000000000800b3e4                HAL_UART_DMAStop
                0x000000000800b50a                HAL_UART_Abort
                0x000000000800b724                HAL_UART_AbortTransmit
                0x000000000800b848                HAL_UART_AbortReceive
                0x000000000800b9ae                HAL_UART_Abort_IT
                0x000000000800bc24                HAL_UART_AbortTransmit_IT
                0x000000000800bd6c                HAL_UART_AbortReceive_IT
                0x000000000800bf04                HAL_UART_IRQHandler
                0x000000000800c532                HAL_UART_TxCpltCallback
                0x000000000800c546                HAL_UART_TxHalfCpltCallback
                0x000000000800c56e                HAL_UART_RxHalfCpltCallback
                0x000000000800c582                HAL_UART_ErrorCallback
                0x000000000800c596                HAL_UART_AbortCpltCallback
                0x000000000800c5aa                HAL_UART_AbortTransmitCpltCallback
                0x000000000800c5be                HAL_UART_AbortReceiveCpltCallback
                0x000000000800c5d2                HAL_UARTEx_RxEventCallback
                0x000000000800c5ea                HAL_UART_ReceiverTimeout_Config
                0x000000000800c624                HAL_UART_EnableReceiverTimeout
                0x000000000800c698                HAL_UART_DisableReceiverTimeout
                0x000000000800c70c                HAL_MultiProcessor_EnableMuteMode
                0x000000000800c77c                HAL_MultiProcessor_DisableMuteMode
                0x000000000800c7ec                HAL_MultiProcessor_EnterMuteMode
                0x000000000800c814                HAL_HalfDuplex_EnableTransmitter
                0x000000000800c8bc                HAL_HalfDuplex_EnableReceiver
                0x000000000800c964                HAL_LIN_SendBreak
                0x000000000800c9bc                HAL_UART_GetState
                0x000000000800c9e6                HAL_UART_GetError
                0x000000000800ca00                UART_SetConfig
                0x000000000800cff8                UART_AdvFeatureConfig
                0x000000000800d13c                UART_CheckIdleState
                0x000000000800d1d2                UART_WaitOnFlagUntilTimeout
                0x000000000800d362                UART_Start_Receive_IT
                0x000000000800d5b4                UART_Start_Receive_DMA
 .text          0x000000000800e91c      0x938 ./Drivers/STM32L4xx_HAL_Driver/Src/stm32l4xx_hal_uart_ex.o
                0x000000000800e91c                HAL_RS485Ex_Init
                0x000000000800e9ee                HAL_UARTEx_WakeupCallback
                0x000000000800ea02                HAL_UARTEx_RxFifoFullCallback
                0x000000000800ea16                HAL_UARTEx_TxFifoEmptyCallback
                0x000000000800ea2a                HAL_MultiProcessorEx_AddressLength_Set
                0x000000000800ea8a                HAL_UARTEx_StopModeWakeUpSourceConfig
                0x000000000800eb40                HAL_UARTEx_EnableStopMode
                0x000000000800eba6                HAL_UARTEx_DisableStopMode
                0x000000000800ec0c                HAL_UARTEx_EnableFifoMode
                0x000000000800ec82                HAL_UARTEx_DisableFifoMode
                0x000000000800ecf4                HAL_UARTEx_SetTxFifoThreshold
                0x000000000800ed70                HAL_UARTEx_SetRxFifoThreshold
                0x000000000800edec                HAL_UARTEx_ReceiveToIdle
                0x000000000800f004                HAL_UARTEx_ReceiveToIdle_IT
                0x000000000800f0bc                HAL_UARTEx_ReceiveToIdle_DMA
 .text          0x000000000800f254       0x30 c:/st/stm32cubeide_1.7.0/stm32cubeide/plugins/com.st.stm32cube.ide.mcu.externaltools.gnu-tools-for-stm32.10.3-2021.10.win32_1.0.0.202111181127/tools/bin/../lib/gcc/arm-none-eabi/10.3.1/thumb/v7e-m+fp/hard\libgcc.a(_aeabi_uldivmod.o)
                0x000000000800f254                __aeabi_uldivmod
 .text          0x000000000800f284      0x2d0 c:/st/stm32cubeide_1.7.0/stm32cubeide/plugins/com.st.stm32cube.ide.mcu.externaltools.gnu-tools-for-stm32.10.3-2021.10.win32_1.0.0.202111181127/tools/bin/../lib/gcc/arm-none-eabi/10.3.1/thumb/v7e-m+fp/hard\libgcc.a(_udivmoddi4.o)
                0x000000000800f284                __udivmoddi4
 .text          0x000000000800f554        0x4 c:/st/stm32cubeide_1.7.0/stm32cubeide/plugins/com.st.stm32cube.ide.mcu.externaltools.gnu-tools-for-stm32.10.3-2021.10.win32_1.0.0.202111181127/tools/bin/../lib/gcc/arm-none-eabi/10.3.1/thumb/v7e-m+fp/hard\libgcc.a(_dvmd_tls.o)
                0x000000000800f554                __aeabi_idiv0
                0x000000000800f554                __aeabi_ldiv0
 *(.text*)
 .text.Reset_Handler
                0x000000000800f558       0x50 ./Core/Startup/startup_stm32l4r5zitxp.o
                0x000000000800f558                Reset_Handler
 .text.Default_Handler
                0x000000000800f5a8        0x2 ./Core/Startup/startup_stm32l4r5zitxp.o
                0x000000000800f5a8                RTC_Alarm_IRQHandler
                0x000000000800f5a8                EXTI2_IRQHandler
                0x000000000800f5a8                TIM8_TRG_COM_IRQHandler
                0x000000000800f5a8                TIM8_CC_IRQHandler
                0x000000000800f5a8                TIM1_CC_IRQHandler
                0x000000000800f5a8                TSC_IRQHandler
                0x000000000800f5a8                TAMP_STAMP_IRQHandler
                0x000000000800f5a8                EXTI3_IRQHandler
                0x000000000800f5a8                LPTIM2_IRQHandler
                0x000000000800f5a8                DFSDM1_FLT1_IRQHandler
                0x000000000800f5a8                GFXMMU_IRQHandler
                0x000000000800f5a8                I2C3_ER_IRQHandler
                0x000000000800f5a8                DFSDM1_FLT2_IRQHandler
                0x000000000800f5a8                EXTI0_IRQHandler
                0x000000000800f5a8                I2C2_EV_IRQHandler
                0x000000000800f5a8                CAN1_RX0_IRQHandler
                0x000000000800f5a8                FPU_IRQHandler
                0x000000000800f5a8                TIM1_UP_TIM16_IRQHandler
                0x000000000800f5a8                LTDC_ER_IRQHandler
                0x000000000800f5a8                SPI1_IRQHandler
                0x000000000800f5a8                OCTOSPI1_IRQHandler
                0x000000000800f5a8                TIM6_DAC_IRQHandler
                0x000000000800f5a8                DCMI_IRQHandler
                0x000000000800f5a8                TIM8_UP_IRQHandler
                0x000000000800f5a8                OCTOSPI2_IRQHandler
                0x000000000800f5a8                DMA2_Channel2_IRQHandler
                0x000000000800f5a8                DMA1_Channel4_IRQHandler
                0x000000000800f5a8                SAI2_IRQHandler
                0x000000000800f5a8                ADC1_IRQHandler
                0x000000000800f5a8                DFSDM1_FLT3_IRQHandler
                0x000000000800f5a8                DMA1_Channel7_IRQHandler
                0x000000000800f5a8                CAN1_RX1_IRQHandler
                0x000000000800f5a8                UART5_IRQHandler
                0x000000000800f5a8                TIM4_IRQHandler
                0x000000000800f5a8                DMA2_Channel1_IRQHandler
                0x000000000800f5a8                I2C1_EV_IRQHandler
                0x000000000800f5a8                DMAMUX1_OVR_IRQHandler
                0x000000000800f5a8                DMA1_Channel6_IRQHandler
                0x000000000800f5a8                UART4_IRQHandler
                0x000000000800f5a8                DMA2_Channel4_IRQHandler
                0x000000000800f5a8                TIM3_IRQHandler
                0x000000000800f5a8                RCC_IRQHandler
                0x000000000800f5a8                DMA1_Channel1_IRQHandler
                0x000000000800f5a8                Default_Handler
                0x000000000800f5a8                DMA2_Channel7_IRQHandler
                0x000000000800f5a8                EXTI15_10_IRQHandler
                0x000000000800f5a8                TIM7_IRQHandler
                0x000000000800f5a8                SDMMC1_IRQHandler
                0x000000000800f5a8                TIM5_IRQHandler
                0x000000000800f5a8                I2C3_EV_IRQHandler
                0x000000000800f5a8                EXTI9_5_IRQHandler
                0x000000000800f5a8                RTC_WKUP_IRQHandler
                0x000000000800f5a8                LTDC_IRQHandler
                0x000000000800f5a8                PVD_PVM_IRQHandler
                0x000000000800f5a8                SPI2_IRQHandler
                0x000000000800f5a8                CAN1_TX_IRQHandler
                0x000000000800f5a8                DMA2_Channel5_IRQHandler
                0x000000000800f5a8                CRS_IRQHandler
                0x000000000800f5a8                DMA1_Channel5_IRQHandler
                0x000000000800f5a8                EXTI4_IRQHandler
                0x000000000800f5a8                RNG_IRQHandler
                0x000000000800f5a8                TIM1_TRG_COM_TIM17_IRQHandler
                0x000000000800f5a8                DMA1_Channel3_IRQHandler
                0x000000000800f5a8                COMP_IRQHandler
                0x000000000800f5a8                WWDG_IRQHandler
                0x000000000800f5a8                I2C4_EV_IRQHandler
                0x000000000800f5a8                LPUART1_IRQHandler
                0x000000000800f5a8                DMA2_Channel6_IRQHandler
                0x000000000800f5a8                TIM2_IRQHandler
                0x000000000800f5a8                DMA2D_IRQHandler
                0x000000000800f5a8                EXTI1_IRQHandler
                0x000000000800f5a8                DFSDM1_FLT0_IRQHandler
                0x000000000800f5a8                I2C2_ER_IRQHandler
                0x000000000800f5a8                DMA1_Channel2_IRQHandler
                0x000000000800f5a8                TIM8_BRK_IRQHandler
                0x000000000800f5a8                CAN1_SCE_IRQHandler
                0x000000000800f5a8                FLASH_IRQHandler
                0x000000000800f5a8                USART1_IRQHandler
                0x000000000800f5a8                OTG_FS_IRQHandler
                0x000000000800f5a8                SPI3_IRQHandler
                0x000000000800f5a8                I2C1_ER_IRQHandler
                0x000000000800f5a8                FMC_IRQHandler
                0x000000000800f5a8                LPTIM1_IRQHandler
                0x000000000800f5a8                I2C4_ER_IRQHandler
                0x000000000800f5a8                SAI1_IRQHandler
                0x000000000800f5a8                DMA2_Channel3_IRQHandler
                0x000000000800f5a8                TIM1_BRK_TIM15_IRQHandler
 *fill*         0x000000000800f5aa        0x2 
 .text.__libc_init_array
                0x000000000800f5ac       0x48 c:/st/stm32cubeide_1.7.0/stm32cubeide/plugins/com.st.stm32cube.ide.mcu.externaltools.gnu-tools-for-stm32.10.3-2021.10.win32_1.0.0.202111181127/tools/bin/../lib/gcc/arm-none-eabi/10.3.1/../../../../arm-none-eabi/lib/thumb/v7e-m+fp/hard\libc_nano.a(lib_a-init.o)
                0x000000000800f5ac                __libc_init_array
 .text.memset   0x000000000800f5f4       0x10 c:/st/stm32cubeide_1.7.0/stm32cubeide/plugins/com.st.stm32cube.ide.mcu.externaltools.gnu-tools-for-stm32.10.3-2021.10.win32_1.0.0.202111181127/tools/bin/../lib/gcc/arm-none-eabi/10.3.1/../../../../arm-none-eabi/lib/thumb/v7e-m+fp/hard\libc_nano.a(lib_a-memset.o)
                0x000000000800f5f4                memset
 *(.glue_7)
 .glue_7        0x000000000800f604        0x0 linker stubs
 *(.glue_7t)
 .glue_7t       0x000000000800f604        0x0 linker stubs
 *(.eh_frame)
 .eh_frame      0x000000000800f604        0x0 c:/st/stm32cubeide_1.7.0/stm32cubeide/plugins/com.st.stm32cube.ide.mcu.externaltools.gnu-tools-for-stm32.10.3-2021.10.win32_1.0.0.202111181127/tools/bin/../lib/gcc/arm-none-eabi/10.3.1/thumb/v7e-m+fp/hard/crtbegin.o
 *(.init)
 .init          0x000000000800f604        0x4 c:/st/stm32cubeide_1.7.0/stm32cubeide/plugins/com.st.stm32cube.ide.mcu.externaltools.gnu-tools-for-stm32.10.3-2021.10.win32_1.0.0.202111181127/tools/bin/../lib/gcc/arm-none-eabi/10.3.1/thumb/v7e-m+fp/hard/crti.o
                0x000000000800f604                _init
 .init          0x000000000800f608        0x8 c:/st/stm32cubeide_1.7.0/stm32cubeide/plugins/com.st.stm32cube.ide.mcu.externaltools.gnu-tools-for-stm32.10.3-2021.10.win32_1.0.0.202111181127/tools/bin/../lib/gcc/arm-none-eabi/10.3.1/thumb/v7e-m+fp/hard/crtn.o
 *(.fini)
 .fini          0x000000000800f610        0x4 c:/st/stm32cubeide_1.7.0/stm32cubeide/plugins/com.st.stm32cube.ide.mcu.externaltools.gnu-tools-for-stm32.10.3-2021.10.win32_1.0.0.202111181127/tools/bin/../lib/gcc/arm-none-eabi/10.3.1/thumb/v7e-m+fp/hard/crti.o
                0x000000000800f610                _fini
 .fini          0x000000000800f614        0x8 c:/st/stm32cubeide_1.7.0/stm32cubeide/plugins/com.st.stm32cube.ide.mcu.externaltools.gnu-tools-for-stm32.10.3-2021.10.win32_1.0.0.202111181127/tools/bin/../lib/gcc/arm-none-eabi/10.3.1/thumb/v7e-m+fp/hard/crtn.o
                0x000000000800f61c                . = ALIGN (0x4)
                0x000000000800f61c                _etext = .

.vfp11_veneer   0x000000000800f61c        0x0
 .vfp11_veneer  0x000000000800f61c        0x0 linker stubs

.v4_bx          0x000000000800f61c        0x0
 .v4_bx         0x000000000800f61c        0x0 linker stubs

.iplt           0x000000000800f61c        0x0
 .iplt          0x000000000800f61c        0x0 c:/st/stm32cubeide_1.7.0/stm32cubeide/plugins/com.st.stm32cube.ide.mcu.externaltools.gnu-tools-for-stm32.10.3-2021.10.win32_1.0.0.202111181127/tools/bin/../lib/gcc/arm-none-eabi/10.3.1/thumb/v7e-m+fp/hard/crtbegin.o

.rodata         0x000000000800f61c       0xc8
                0x000000000800f61c                . = ALIGN (0x4)
 *(.rodata)
 .rodata        0x000000000800f61c       0x56 ./Core/Src/main.o
 *fill*         0x000000000800f672        0x2 
 .rodata        0x000000000800f674       0x48 ./Core/Src/system_stm32l4xx.o
                0x000000000800f674                AHBPrescTable
                0x000000000800f684                APBPrescTable
                0x000000000800f68c                MSIRangeTable
 .rodata        0x000000000800f6bc       0x18 ./Drivers/STM32L4xx_HAL_Driver/Src/stm32l4xx_hal_uart.o
                0x000000000800f6bc                UARTPrescTable
 .rodata        0x000000000800f6d4       0x10 ./Drivers/STM32L4xx_HAL_Driver/Src/stm32l4xx_hal_uart_ex.o
 *(.rodata*)
                0x000000000800f6e4                . = ALIGN (0x4)

.ARM.extab      0x000000000800f6e4        0x0
                0x000000000800f6e4                . = ALIGN (0x4)
 *(.ARM.extab* .gnu.linkonce.armextab.*)
                0x000000000800f6e4                . = ALIGN (0x4)

.ARM            0x000000000800f6e4        0x8
                0x000000000800f6e4                . = ALIGN (0x4)
                0x000000000800f6e4                __exidx_start = .
 *(.ARM.exidx*)
 .ARM.exidx     0x000000000800f6e4        0x8 c:/st/stm32cubeide_1.7.0/stm32cubeide/plugins/com.st.stm32cube.ide.mcu.externaltools.gnu-tools-for-stm32.10.3-2021.10.win32_1.0.0.202111181127/tools/bin/../lib/gcc/arm-none-eabi/10.3.1/thumb/v7e-m+fp/hard\libgcc.a(_udivmoddi4.o)
                0x000000000800f6ec                __exidx_end = .
                0x000000000800f6ec                . = ALIGN (0x4)

.rel.dyn        0x000000000800f6ec        0x0
 .rel.iplt      0x000000000800f6ec        0x0 c:/st/stm32cubeide_1.7.0/stm32cubeide/plugins/com.st.stm32cube.ide.mcu.externaltools.gnu-tools-for-stm32.10.3-2021.10.win32_1.0.0.202111181127/tools/bin/../lib/gcc/arm-none-eabi/10.3.1/thumb/v7e-m+fp/hard/crtbegin.o

.preinit_array  0x000000000800f6ec        0x0
                0x000000000800f6ec                . = ALIGN (0x4)
                0x000000000800f6ec                PROVIDE (__preinit_array_start = .)
 *(.preinit_array*)
                0x000000000800f6ec                PROVIDE (__preinit_array_end = .)
                0x000000000800f6ec                . = ALIGN (0x4)

.init_array     0x000000000800f6ec        0x4
                0x000000000800f6ec                . = ALIGN (0x4)
                0x000000000800f6ec                PROVIDE (__init_array_start = .)
 *(SORT_BY_NAME(.init_array.*))
 *(.init_array*)
 .init_array    0x000000000800f6ec        0x4 c:/st/stm32cubeide_1.7.0/stm32cubeide/plugins/com.st.stm32cube.ide.mcu.externaltools.gnu-tools-for-stm32.10.3-2021.10.win32_1.0.0.202111181127/tools/bin/../lib/gcc/arm-none-eabi/10.3.1/thumb/v7e-m+fp/hard/crtbegin.o
                0x000000000800f6f0                PROVIDE (__init_array_end = .)
                0x000000000800f6f0                . = ALIGN (0x4)

.fini_array     0x000000000800f6f0        0x4
                0x000000000800f6f0                . = ALIGN (0x4)
                [!provide]                        PROVIDE (__fini_array_start = .)
 *(SORT_BY_NAME(.fini_array.*))
 *(.fini_array*)
 .fini_array    0x000000000800f6f0        0x4 c:/st/stm32cubeide_1.7.0/stm32cubeide/plugins/com.st.stm32cube.ide.mcu.externaltools.gnu-tools-for-stm32.10.3-2021.10.win32_1.0.0.202111181127/tools/bin/../lib/gcc/arm-none-eabi/10.3.1/thumb/v7e-m+fp/hard/crtbegin.o
                [!provide]                        PROVIDE (__fini_array_end = .)
                0x000000000800f6f4                . = ALIGN (0x4)
                0x000000000800f6f4                _sidata = LOADADDR (.data)

.data           0x0000000020000000       0x78 load address 0x000000000800f6f4
                0x0000000020000000                . = ALIGN (0x4)
                0x0000000020000000                _sdata = .
 *(.data)
 .data          0x0000000020000000       0x67 ./Core/Src/graphicsDisplay.o
 *fill*         0x0000000020000067        0x1 
 .data          0x0000000020000068        0x4 ./Core/Src/main.o
 .data          0x000000002000006c        0x4 ./Core/Src/system_stm32l4xx.o
                0x000000002000006c                SystemCoreClock
 .data          0x0000000020000070        0x5 ./Drivers/STM32L4xx_HAL_Driver/Src/stm32l4xx_hal.o
                0x0000000020000070                uwTickPrio
                0x0000000020000074                uwTickFreq
 *(.data*)
 *(.RamFunc)
 *(.RamFunc*)
                0x0000000020000078                . = ALIGN (0x4)
 *fill*         0x0000000020000075        0x3 
                0x0000000020000078                _edata = .

.igot.plt       0x0000000020000078        0x0 load address 0x000000000800f76c
 .igot.plt      0x0000000020000078        0x0 c:/st/stm32cubeide_1.7.0/stm32cubeide/plugins/com.st.stm32cube.ide.mcu.externaltools.gnu-tools-for-stm32.10.3-2021.10.win32_1.0.0.202111181127/tools/bin/../lib/gcc/arm-none-eabi/10.3.1/thumb/v7e-m+fp/hard/crtbegin.o
                0x0000000020000078                . = ALIGN (0x4)

.bss            0x0000000020000078     0xf7c8 load address 0x000000000800f76c
                0x0000000020000078                _sbss = .
                0x0000000020000078                __bss_start__ = _sbss
 *(.bss)
 .bss           0x0000000020000078       0x1c c:/st/stm32cubeide_1.7.0/stm32cubeide/plugins/com.st.stm32cube.ide.mcu.externaltools.gnu-tools-for-stm32.10.3-2021.10.win32_1.0.0.202111181127/tools/bin/../lib/gcc/arm-none-eabi/10.3.1/thumb/v7e-m+fp/hard/crtbegin.o
 .bss           0x0000000020000094     0xf61c ./Core/Src/graphicsDisplay.o
                0x0000000020000094                picture
 .bss           0x000000002000f6b0      0x18c ./Core/Src/main.o
                0x000000002000f6b0                hspi1
                0x000000002000f714                huart2
                0x000000002000f7a4                huart3
                0x000000002000f834                armed
                0x000000002000f838                buf
 .bss           0x000000002000f83c        0x4 ./Drivers/STM32L4xx_HAL_Driver/Src/stm32l4xx_hal.o
                0x000000002000f83c                uwTick
 *(.bss*)
 *(COMMON)
                0x000000002000f840                . = ALIGN (0x4)
                0x000000002000f840                _ebss = .
                0x000000002000f840                __bss_end__ = _ebss

._user_heap_stack
                0x000000002000f840      0x600 load address 0x000000000800f76c
                0x000000002000f840                . = ALIGN (0x8)
                [!provide]                        PROVIDE (end = .)
                0x000000002000f840                PROVIDE (_end = .)
                0x000000002000fa40                . = (. + _Min_Heap_Size)
 *fill*         0x000000002000f840      0x200 
                0x000000002000fe40                . = (. + _Min_Stack_Size)
 *fill*         0x000000002000fa40      0x400 
                0x000000002000fe40                . = ALIGN (0x8)

/DISCARD/
 libc.a(*)
 libm.a(*)
 libgcc.a(*)

.ARM.attributes
                0x0000000000000000       0x30
 *(.ARM.attributes)
 .ARM.attributes
                0x0000000000000000       0x1e c:/st/stm32cubeide_1.7.0/stm32cubeide/plugins/com.st.stm32cube.ide.mcu.externaltools.gnu-tools-for-stm32.10.3-2021.10.win32_1.0.0.202111181127/tools/bin/../lib/gcc/arm-none-eabi/10.3.1/thumb/v7e-m+fp/hard/crti.o
 .ARM.attributes
                0x000000000000001e       0x34 c:/st/stm32cubeide_1.7.0/stm32cubeide/plugins/com.st.stm32cube.ide.mcu.externaltools.gnu-tools-for-stm32.10.3-2021.10.win32_1.0.0.202111181127/tools/bin/../lib/gcc/arm-none-eabi/10.3.1/thumb/v7e-m+fp/hard/crtbegin.o
 .ARM.attributes
                0x0000000000000052       0x34 ./Core/Src/graphicsDisplay.o
 .ARM.attributes
                0x0000000000000086       0x34 ./Core/Src/main.o
 .ARM.attributes
                0x00000000000000ba       0x34 ./Core/Src/stm32l4xx_hal_msp.o
 .ARM.attributes
                0x00000000000000ee       0x34 ./Core/Src/stm32l4xx_it.o
 .ARM.attributes
                0x0000000000000122       0x34 ./Core/Src/system_stm32l4xx.o
 .ARM.attributes
                0x0000000000000156       0x21 ./Core/Startup/startup_stm32l4r5zitxp.o
 .ARM.attributes
                0x0000000000000177       0x34 ./Drivers/STM32L4xx_HAL_Driver/Src/stm32l4xx_hal.o
 .ARM.attributes
                0x00000000000001ab       0x34 ./Drivers/STM32L4xx_HAL_Driver/Src/stm32l4xx_hal_cortex.o
 .ARM.attributes
                0x00000000000001df       0x34 ./Drivers/STM32L4xx_HAL_Driver/Src/stm32l4xx_hal_dma.o
 .ARM.attributes
                0x0000000000000213       0x34 ./Drivers/STM32L4xx_HAL_Driver/Src/stm32l4xx_hal_gpio.o
 .ARM.attributes
                0x0000000000000247       0x34 ./Drivers/STM32L4xx_HAL_Driver/Src/stm32l4xx_hal_pwr.o
 .ARM.attributes
                0x000000000000027b       0x34 ./Drivers/STM32L4xx_HAL_Driver/Src/stm32l4xx_hal_pwr_ex.o
 .ARM.attributes
                0x00000000000002af       0x34 ./Drivers/STM32L4xx_HAL_Driver/Src/stm32l4xx_hal_rcc.o
 .ARM.attributes
                0x00000000000002e3       0x34 ./Drivers/STM32L4xx_HAL_Driver/Src/stm32l4xx_hal_rcc_ex.o
 .ARM.attributes
                0x0000000000000317       0x34 ./Drivers/STM32L4xx_HAL_Driver/Src/stm32l4xx_hal_spi.o
 .ARM.attributes
                0x000000000000034b       0x34 ./Drivers/STM32L4xx_HAL_Driver/Src/stm32l4xx_hal_uart.o
 .ARM.attributes
                0x000000000000037f       0x34 ./Drivers/STM32L4xx_HAL_Driver/Src/stm32l4xx_hal_uart_ex.o
 .ARM.attributes
                0x00000000000003b3       0x34 c:/st/stm32cubeide_1.7.0/stm32cubeide/plugins/com.st.stm32cube.ide.mcu.externaltools.gnu-tools-for-stm32.10.3-2021.10.win32_1.0.0.202111181127/tools/bin/../lib/gcc/arm-none-eabi/10.3.1/../../../../arm-none-eabi/lib/thumb/v7e-m+fp/hard\libc_nano.a(lib_a-init.o)
 .ARM.attributes
                0x00000000000003e7       0x34 c:/st/stm32cubeide_1.7.0/stm32cubeide/plugins/com.st.stm32cube.ide.mcu.externaltools.gnu-tools-for-stm32.10.3-2021.10.win32_1.0.0.202111181127/tools/bin/../lib/gcc/arm-none-eabi/10.3.1/../../../../arm-none-eabi/lib/thumb/v7e-m+fp/hard\libc_nano.a(lib_a-memset.o)
 .ARM.attributes
                0x000000000000041b       0x1e c:/st/stm32cubeide_1.7.0/stm32cubeide/plugins/com.st.stm32cube.ide.mcu.externaltools.gnu-tools-for-stm32.10.3-2021.10.win32_1.0.0.202111181127/tools/bin/../lib/gcc/arm-none-eabi/10.3.1/thumb/v7e-m+fp/hard\libgcc.a(_aeabi_uldivmod.o)
 .ARM.attributes
                0x0000000000000439       0x34 c:/st/stm32cubeide_1.7.0/stm32cubeide/plugins/com.st.stm32cube.ide.mcu.externaltools.gnu-tools-for-stm32.10.3-2021.10.win32_1.0.0.202111181127/tools/bin/../lib/gcc/arm-none-eabi/10.3.1/thumb/v7e-m+fp/hard\libgcc.a(_udivmoddi4.o)
 .ARM.attributes
                0x000000000000046d       0x1e c:/st/stm32cubeide_1.7.0/stm32cubeide/plugins/com.st.stm32cube.ide.mcu.externaltools.gnu-tools-for-stm32.10.3-2021.10.win32_1.0.0.202111181127/tools/bin/../lib/gcc/arm-none-eabi/10.3.1/thumb/v7e-m+fp/hard\libgcc.a(_dvmd_tls.o)
 .ARM.attributes
                0x000000000000048b       0x1e c:/st/stm32cubeide_1.7.0/stm32cubeide/plugins/com.st.stm32cube.ide.mcu.externaltools.gnu-tools-for-stm32.10.3-2021.10.win32_1.0.0.202111181127/tools/bin/../lib/gcc/arm-none-eabi/10.3.1/thumb/v7e-m+fp/hard/crtn.o
OUTPUT(Central System.elf elf32-littlearm)
LOAD linker stubs
LOAD c:/st/stm32cubeide_1.7.0/stm32cubeide/plugins/com.st.stm32cube.ide.mcu.externaltools.gnu-tools-for-stm32.10.3-2021.10.win32_1.0.0.202111181127/tools/bin/../lib/gcc/arm-none-eabi/10.3.1/../../../../arm-none-eabi/lib/thumb/v7e-m+fp/hard\libc.a
LOAD c:/st/stm32cubeide_1.7.0/stm32cubeide/plugins/com.st.stm32cube.ide.mcu.externaltools.gnu-tools-for-stm32.10.3-2021.10.win32_1.0.0.202111181127/tools/bin/../lib/gcc/arm-none-eabi/10.3.1/../../../../arm-none-eabi/lib/thumb/v7e-m+fp/hard\libm.a
LOAD c:/st/stm32cubeide_1.7.0/stm32cubeide/plugins/com.st.stm32cube.ide.mcu.externaltools.gnu-tools-for-stm32.10.3-2021.10.win32_1.0.0.202111181127/tools/bin/../lib/gcc/arm-none-eabi/10.3.1/thumb/v7e-m+fp/hard\libgcc.a

.debug_info     0x0000000000000000    0x11717
 .debug_info    0x0000000000000000      0xbf7 ./Core/Src/graphicsDisplay.o
 .debug_info    0x0000000000000bf7     0x157f ./Core/Src/main.o
 .debug_info    0x0000000000002176     0x14f8 ./Core/Src/stm32l4xx_hal_msp.o
 .debug_info    0x000000000000366e      0x8cb ./Core/Src/stm32l4xx_it.o
 .debug_info    0x0000000000003f39      0x5fe ./Core/Src/system_stm32l4xx.o
 .debug_info    0x0000000000004537       0x22 ./Core/Startup/startup_stm32l4r5zitxp.o
 .debug_info    0x0000000000004559      0xb93 ./Drivers/STM32L4xx_HAL_Driver/Src/stm32l4xx_hal.o
 .debug_info    0x00000000000050ec      0xe39 ./Drivers/STM32L4xx_HAL_Driver/Src/stm32l4xx_hal_cortex.o
 .debug_info    0x0000000000005f25      0x8ce ./Drivers/STM32L4xx_HAL_Driver/Src/stm32l4xx_hal_dma.o
 .debug_info    0x00000000000067f3      0x859 ./Drivers/STM32L4xx_HAL_Driver/Src/stm32l4xx_hal_gpio.o
 .debug_info    0x000000000000704c      0x9d0 ./Drivers/STM32L4xx_HAL_Driver/Src/stm32l4xx_hal_pwr.o
 .debug_info    0x0000000000007a1c      0xa5e ./Drivers/STM32L4xx_HAL_Driver/Src/stm32l4xx_hal_pwr_ex.o
 .debug_info    0x000000000000847a      0xe19 ./Drivers/STM32L4xx_HAL_Driver/Src/stm32l4xx_hal_rcc.o
 .debug_info    0x0000000000009293     0x11f3 ./Drivers/STM32L4xx_HAL_Driver/Src/stm32l4xx_hal_rcc_ex.o
 .debug_info    0x000000000000a486     0x189c ./Drivers/STM32L4xx_HAL_Driver/Src/stm32l4xx_hal_spi.o
 .debug_info    0x000000000000bd22     0x498b ./Drivers/STM32L4xx_HAL_Driver/Src/stm32l4xx_hal_uart.o
 .debug_info    0x00000000000106ad     0x106a ./Drivers/STM32L4xx_HAL_Driver/Src/stm32l4xx_hal_uart_ex.o

.debug_abbrev   0x0000000000000000     0x23d7
 .debug_abbrev  0x0000000000000000      0x1fd ./Core/Src/graphicsDisplay.o
 .debug_abbrev  0x00000000000001fd      0x34d ./Core/Src/main.o
 .debug_abbrev  0x000000000000054a      0x1ce ./Core/Src/stm32l4xx_hal_msp.o
 .debug_abbrev  0x0000000000000718      0x166 ./Core/Src/stm32l4xx_it.o
 .debug_abbrev  0x000000000000087e      0x116 ./Core/Src/system_stm32l4xx.o
 .debug_abbrev  0x0000000000000994       0x12 ./Core/Startup/startup_stm32l4r5zitxp.o
 .debug_abbrev  0x00000000000009a6      0x23a ./Drivers/STM32L4xx_HAL_Driver/Src/stm32l4xx_hal.o
 .debug_abbrev  0x0000000000000be0      0x316 ./Drivers/STM32L4xx_HAL_Driver/Src/stm32l4xx_hal_cortex.o
 .debug_abbrev  0x0000000000000ef6      0x1d7 ./Drivers/STM32L4xx_HAL_Driver/Src/stm32l4xx_hal_dma.o
 .debug_abbrev  0x00000000000010cd      0x1bb ./Drivers/STM32L4xx_HAL_Driver/Src/stm32l4xx_hal_gpio.o
 .debug_abbrev  0x0000000000001288      0x1c9 ./Drivers/STM32L4xx_HAL_Driver/Src/stm32l4xx_hal_pwr.o
 .debug_abbrev  0x0000000000001451      0x1f3 ./Drivers/STM32L4xx_HAL_Driver/Src/stm32l4xx_hal_pwr_ex.o
 .debug_abbrev  0x0000000000001644      0x2f9 ./Drivers/STM32L4xx_HAL_Driver/Src/stm32l4xx_hal_rcc.o
 .debug_abbrev  0x000000000000193d      0x299 ./Drivers/STM32L4xx_HAL_Driver/Src/stm32l4xx_hal_rcc_ex.o
 .debug_abbrev  0x0000000000001bd6      0x254 ./Drivers/STM32L4xx_HAL_Driver/Src/stm32l4xx_hal_spi.o
 .debug_abbrev  0x0000000000001e2a      0x2f0 ./Drivers/STM32L4xx_HAL_Driver/Src/stm32l4xx_hal_uart.o
 .debug_abbrev  0x000000000000211a      0x2bd ./Drivers/STM32L4xx_HAL_Driver/Src/stm32l4xx_hal_uart_ex.o

.debug_aranges  0x0000000000000000      0x228
 .debug_aranges
                0x0000000000000000       0x20 ./Core/Src/graphicsDisplay.o
 .debug_aranges
                0x0000000000000020       0x20 ./Core/Src/main.o
 .debug_aranges
                0x0000000000000040       0x20 ./Core/Src/stm32l4xx_hal_msp.o
 .debug_aranges
                0x0000000000000060       0x20 ./Core/Src/stm32l4xx_it.o
 .debug_aranges
                0x0000000000000080       0x20 ./Core/Src/system_stm32l4xx.o
 .debug_aranges
                0x00000000000000a0       0x28 ./Core/Startup/startup_stm32l4r5zitxp.o
 .debug_aranges
                0x00000000000000c8       0x20 ./Drivers/STM32L4xx_HAL_Driver/Src/stm32l4xx_hal.o
 .debug_aranges
                0x00000000000000e8       0x20 ./Drivers/STM32L4xx_HAL_Driver/Src/stm32l4xx_hal_cortex.o
 .debug_aranges
                0x0000000000000108       0x20 ./Drivers/STM32L4xx_HAL_Driver/Src/stm32l4xx_hal_dma.o
 .debug_aranges
                0x0000000000000128       0x20 ./Drivers/STM32L4xx_HAL_Driver/Src/stm32l4xx_hal_gpio.o
 .debug_aranges
                0x0000000000000148       0x20 ./Drivers/STM32L4xx_HAL_Driver/Src/stm32l4xx_hal_pwr.o
 .debug_aranges
                0x0000000000000168       0x20 ./Drivers/STM32L4xx_HAL_Driver/Src/stm32l4xx_hal_pwr_ex.o
 .debug_aranges
                0x0000000000000188       0x20 ./Drivers/STM32L4xx_HAL_Driver/Src/stm32l4xx_hal_rcc.o
 .debug_aranges
                0x00000000000001a8       0x20 ./Drivers/STM32L4xx_HAL_Driver/Src/stm32l4xx_hal_rcc_ex.o
 .debug_aranges
                0x00000000000001c8       0x20 ./Drivers/STM32L4xx_HAL_Driver/Src/stm32l4xx_hal_spi.o
 .debug_aranges
                0x00000000000001e8       0x20 ./Drivers/STM32L4xx_HAL_Driver/Src/stm32l4xx_hal_uart.o
 .debug_aranges
                0x0000000000000208       0x20 ./Drivers/STM32L4xx_HAL_Driver/Src/stm32l4xx_hal_uart_ex.o

.debug_macro    0x0000000000000000    0x29854
 .debug_macro   0x0000000000000000      0x1f7 ./Core/Src/graphicsDisplay.o
 .debug_macro   0x00000000000001f7      0xa78 ./Core/Src/graphicsDisplay.o
 .debug_macro   0x0000000000000c6f      0x1ad ./Core/Src/graphicsDisplay.o
 .debug_macro   0x0000000000000e1c       0x2e ./Core/Src/graphicsDisplay.o
 .debug_macro   0x0000000000000e4a       0x28 ./Core/Src/graphicsDisplay.o
 .debug_macro   0x0000000000000e72       0x22 ./Core/Src/graphicsDisplay.o
 .debug_macro   0x0000000000000e94       0x8e ./Core/Src/graphicsDisplay.o
 .debug_macro   0x0000000000000f22       0x51 ./Core/Src/graphicsDisplay.o
 .debug_macro   0x0000000000000f73      0x103 ./Core/Src/graphicsDisplay.o
 .debug_macro   0x0000000000001076       0x6a ./Core/Src/graphicsDisplay.o
 .debug_macro   0x00000000000010e0      0x1df ./Core/Src/graphicsDisplay.o
 .debug_macro   0x00000000000012bf       0x1c ./Core/Src/graphicsDisplay.o
 .debug_macro   0x00000000000012db       0x22 ./Core/Src/graphicsDisplay.o
 .debug_macro   0x00000000000012fd       0xfb ./Core/Src/graphicsDisplay.o
 .debug_macro   0x00000000000013f8     0x1011 ./Core/Src/graphicsDisplay.o
 .debug_macro   0x0000000000002409      0x11f ./Core/Src/graphicsDisplay.o
 .debug_macro   0x0000000000002528    0x1cb71 ./Core/Src/graphicsDisplay.o
 .debug_macro   0x000000000001f099       0x6d ./Core/Src/graphicsDisplay.o
 .debug_macro   0x000000000001f106     0x38e9 ./Core/Src/graphicsDisplay.o
 .debug_macro   0x00000000000229ef      0x174 ./Core/Src/graphicsDisplay.o
 .debug_macro   0x0000000000022b63       0x5c ./Core/Src/graphicsDisplay.o
 .debug_macro   0x0000000000022bbf     0x1884 ./Core/Src/graphicsDisplay.o
 .debug_macro   0x0000000000024443      0x7dc ./Core/Src/graphicsDisplay.o
 .debug_macro   0x0000000000024c1f      0x1b9 ./Core/Src/graphicsDisplay.o
 .debug_macro   0x0000000000024dd8      0x225 ./Core/Src/graphicsDisplay.o
 .debug_macro   0x0000000000024ffd      0x486 ./Core/Src/graphicsDisplay.o
 .debug_macro   0x0000000000025483      0x1ce ./Core/Src/graphicsDisplay.o
 .debug_macro   0x0000000000025651       0x43 ./Core/Src/graphicsDisplay.o
 .debug_macro   0x0000000000025694      0x23d ./Core/Src/graphicsDisplay.o
 .debug_macro   0x00000000000258d1      0x241 ./Core/Src/graphicsDisplay.o
 .debug_macro   0x0000000000025b12      0x416 ./Core/Src/graphicsDisplay.o
 .debug_macro   0x0000000000025f28       0x1c ./Core/Src/graphicsDisplay.o
 .debug_macro   0x0000000000025f44       0xf2 ./Core/Src/graphicsDisplay.o
 .debug_macro   0x0000000000026036      0x22c ./Core/Src/graphicsDisplay.o
 .debug_macro   0x0000000000026262       0x61 ./Core/Src/graphicsDisplay.o
 .debug_macro   0x00000000000262c3       0xa5 ./Core/Src/graphicsDisplay.o
 .debug_macro   0x0000000000026368      0x122 ./Core/Src/graphicsDisplay.o
 .debug_macro   0x000000000002648a      0x3f6 ./Core/Src/graphicsDisplay.o
 .debug_macro   0x0000000000026880      0x2fe ./Core/Src/graphicsDisplay.o
 .debug_macro   0x0000000000026b7e      0x67e ./Core/Src/graphicsDisplay.o
 .debug_macro   0x00000000000271fc       0xa6 ./Core/Src/graphicsDisplay.o
 .debug_macro   0x00000000000272a2      0x432 ./Core/Src/graphicsDisplay.o
 .debug_macro   0x00000000000276d4      0x172 ./Core/Src/graphicsDisplay.o
 .debug_macro   0x0000000000027846      0x200 ./Core/Src/main.o
 .debug_macro   0x0000000000027a46       0x70 ./Core/Src/main.o
 .debug_macro   0x0000000000027ab6      0x178 ./Core/Src/main.o
 .debug_macro   0x0000000000027c2e      0x1f7 ./Core/Src/stm32l4xx_hal_msp.o
 .debug_macro   0x0000000000027e25      0x201 ./Core/Src/stm32l4xx_it.o
 .debug_macro   0x0000000000028026      0x1e8 ./Core/Src/system_stm32l4xx.o
 .debug_macro   0x000000000002820e      0x236 ./Drivers/STM32L4xx_HAL_Driver/Src/stm32l4xx_hal.o
 .debug_macro   0x0000000000028444      0x1e8 ./Drivers/STM32L4xx_HAL_Driver/Src/stm32l4xx_hal_cortex.o
 .debug_macro   0x000000000002862c      0x1e8 ./Drivers/STM32L4xx_HAL_Driver/Src/stm32l4xx_hal_dma.o
 .debug_macro   0x0000000000028814      0x1ef ./Drivers/STM32L4xx_HAL_Driver/Src/stm32l4xx_hal_gpio.o
 .debug_macro   0x0000000000028a03      0x200 ./Drivers/STM32L4xx_HAL_Driver/Src/stm32l4xx_hal_pwr.o
 .debug_macro   0x0000000000028c03      0x212 ./Drivers/STM32L4xx_HAL_Driver/Src/stm32l4xx_hal_pwr_ex.o
 .debug_macro   0x0000000000028e15      0x22a ./Drivers/STM32L4xx_HAL_Driver/Src/stm32l4xx_hal_rcc.o
 .debug_macro   0x000000000002903f      0x21e ./Drivers/STM32L4xx_HAL_Driver/Src/stm32l4xx_hal_rcc_ex.o
 .debug_macro   0x000000000002925d      0x1f0 ./Drivers/STM32L4xx_HAL_Driver/Src/stm32l4xx_hal_spi.o
 .debug_macro   0x000000000002944d      0x213 ./Drivers/STM32L4xx_HAL_Driver/Src/stm32l4xx_hal_uart.o
 .debug_macro   0x0000000000029660      0x1f4 ./Drivers/STM32L4xx_HAL_Driver/Src/stm32l4xx_hal_uart_ex.o

.debug_line     0x0000000000000000     0xf049
 .debug_line    0x0000000000000000      0x925 ./Core/Src/graphicsDisplay.o
 .debug_line    0x0000000000000925      0xb02 ./Core/Src/main.o
 .debug_line    0x0000000000001427      0x7b8 ./Core/Src/stm32l4xx_hal_msp.o
 .debug_line    0x0000000000001bdf      0x762 ./Core/Src/stm32l4xx_it.o
 .debug_line    0x0000000000002341      0x78c ./Core/Src/system_stm32l4xx.o
 .debug_line    0x0000000000002acd       0x89 ./Core/Startup/startup_stm32l4r5zitxp.o
 .debug_line    0x0000000000002b56      0x8cb ./Drivers/STM32L4xx_HAL_Driver/Src/stm32l4xx_hal.o
 .debug_line    0x0000000000003421      0xaa5 ./Drivers/STM32L4xx_HAL_Driver/Src/stm32l4xx_hal_cortex.o
 .debug_line    0x0000000000003ec6      0xd81 ./Drivers/STM32L4xx_HAL_Driver/Src/stm32l4xx_hal_dma.o
 .debug_line    0x0000000000004c47      0xae4 ./Drivers/STM32L4xx_HAL_Driver/Src/stm32l4xx_hal_gpio.o
 .debug_line    0x000000000000572b      0x7ea ./Drivers/STM32L4xx_HAL_Driver/Src/stm32l4xx_hal_pwr.o
 .debug_line    0x0000000000005f15      0xad0 ./Drivers/STM32L4xx_HAL_Driver/Src/stm32l4xx_hal_pwr_ex.o
 .debug_line    0x00000000000069e5      0xf6c ./Drivers/STM32L4xx_HAL_Driver/Src/stm32l4xx_hal_rcc.o
 .debug_line    0x0000000000007951     0x173d ./Drivers/STM32L4xx_HAL_Driver/Src/stm32l4xx_hal_rcc_ex.o
 .debug_line    0x000000000000908e     0x1bf3 ./Drivers/STM32L4xx_HAL_Driver/Src/stm32l4xx_hal_spi.o
 .debug_line    0x000000000000ac81     0x372e ./Drivers/STM32L4xx_HAL_Driver/Src/stm32l4xx_hal_uart.o
 .debug_line    0x000000000000e3af      0xc9a ./Drivers/STM32L4xx_HAL_Driver/Src/stm32l4xx_hal_uart_ex.o

.debug_str      0x0000000000000000    0xfdfd2
 .debug_str     0x0000000000000000    0xf9dd5 ./Core/Src/graphicsDisplay.o
                                      0xfa0e4 (size before relaxing)
 .debug_str     0x00000000000f9dd5      0x89f ./Core/Src/main.o
                                      0xfa8ec (size before relaxing)
 .debug_str     0x00000000000fa674      0x7c1 ./Core/Src/stm32l4xx_hal_msp.o
                                      0xfa8c0 (size before relaxing)
 .debug_str     0x00000000000fae35      0x101 ./Core/Src/stm32l4xx_it.o
                                      0xf9d74 (size before relaxing)
 .debug_str     0x00000000000faf36       0xf2 ./Core/Src/system_stm32l4xx.o
                                      0xf97a2 (size before relaxing)
 .debug_str     0x00000000000fb028       0x37 ./Core/Startup/startup_stm32l4r5zitxp.o
                                         0x6f (size before relaxing)
 .debug_str     0x00000000000fb05f      0x63c ./Drivers/STM32L4xx_HAL_Driver/Src/stm32l4xx_hal.o
                                      0xfa372 (size before relaxing)
 .debug_str     0x00000000000fb69b      0x31d ./Drivers/STM32L4xx_HAL_Driver/Src/stm32l4xx_hal_cortex.o
                                      0xfa001 (size before relaxing)
 .debug_str     0x00000000000fb9b8      0x2ae ./Drivers/STM32L4xx_HAL_Driver/Src/stm32l4xx_hal_dma.o
                                      0xf9b2a (size before relaxing)
 .debug_str     0x00000000000fbc66      0x112 ./Drivers/STM32L4xx_HAL_Driver/Src/stm32l4xx_hal_gpio.o
                                      0xf991c (size before relaxing)
 .debug_str     0x00000000000fbd78      0x370 ./Drivers/STM32L4xx_HAL_Driver/Src/stm32l4xx_hal_pwr.o
                                      0xf9b19 (size before relaxing)
 .debug_str     0x00000000000fc0e8      0x471 ./Drivers/STM32L4xx_HAL_Driver/Src/stm32l4xx_hal_pwr_ex.o
                                      0xf9d75 (size before relaxing)
 .debug_str     0x00000000000fc559      0x3d2 ./Drivers/STM32L4xx_HAL_Driver/Src/stm32l4xx_hal_rcc.o
                                      0xf9e15 (size before relaxing)
 .debug_str     0x00000000000fc92b      0x592 ./Drivers/STM32L4xx_HAL_Driver/Src/stm32l4xx_hal_rcc_ex.o
                                      0xfa1d6 (size before relaxing)
 .debug_str     0x00000000000fcebd      0x571 ./Drivers/STM32L4xx_HAL_Driver/Src/stm32l4xx_hal_spi.o
                                      0xfa09f (size before relaxing)
 .debug_str     0x00000000000fd42e      0x952 ./Drivers/STM32L4xx_HAL_Driver/Src/stm32l4xx_hal_uart.o
                                      0xfa71e (size before relaxing)
 .debug_str     0x00000000000fdd80      0x252 ./Drivers/STM32L4xx_HAL_Driver/Src/stm32l4xx_hal_uart_ex.o
                                      0xf9f14 (size before relaxing)

.comment        0x0000000000000000       0x50
 .comment       0x0000000000000000       0x50 ./Core/Src/graphicsDisplay.o
                                         0x51 (size before relaxing)
 .comment       0x0000000000000050       0x51 ./Core/Src/main.o
 .comment       0x0000000000000050       0x51 ./Core/Src/stm32l4xx_hal_msp.o
 .comment       0x0000000000000050       0x51 ./Core/Src/stm32l4xx_it.o
 .comment       0x0000000000000050       0x51 ./Core/Src/system_stm32l4xx.o
 .comment       0x0000000000000050       0x51 ./Drivers/STM32L4xx_HAL_Driver/Src/stm32l4xx_hal.o
 .comment       0x0000000000000050       0x51 ./Drivers/STM32L4xx_HAL_Driver/Src/stm32l4xx_hal_cortex.o
 .comment       0x0000000000000050       0x51 ./Drivers/STM32L4xx_HAL_Driver/Src/stm32l4xx_hal_dma.o
 .comment       0x0000000000000050       0x51 ./Drivers/STM32L4xx_HAL_Driver/Src/stm32l4xx_hal_gpio.o
 .comment       0x0000000000000050       0x51 ./Drivers/STM32L4xx_HAL_Driver/Src/stm32l4xx_hal_pwr.o
 .comment       0x0000000000000050       0x51 ./Drivers/STM32L4xx_HAL_Driver/Src/stm32l4xx_hal_pwr_ex.o
 .comment       0x0000000000000050       0x51 ./Drivers/STM32L4xx_HAL_Driver/Src/stm32l4xx_hal_rcc.o
 .comment       0x0000000000000050       0x51 ./Drivers/STM32L4xx_HAL_Driver/Src/stm32l4xx_hal_rcc_ex.o
 .comment       0x0000000000000050       0x51 ./Drivers/STM32L4xx_HAL_Driver/Src/stm32l4xx_hal_spi.o
 .comment       0x0000000000000050       0x51 ./Drivers/STM32L4xx_HAL_Driver/Src/stm32l4xx_hal_uart.o
 .comment       0x0000000000000050       0x51 ./Drivers/STM32L4xx_HAL_Driver/Src/stm32l4xx_hal_uart_ex.o

.debug_frame    0x0000000000000000     0x36a8
 .debug_frame   0x0000000000000000      0x150 ./Core/Src/graphicsDisplay.o
 .debug_frame   0x0000000000000150      0x154 ./Core/Src/main.o
 .debug_frame   0x00000000000002a4       0xcc ./Core/Src/stm32l4xx_hal_msp.o
 .debug_frame   0x0000000000000370      0x13c ./Core/Src/stm32l4xx_it.o
 .debug_frame   0x00000000000004ac       0x58 ./Core/Src/system_stm32l4xx.o
 .debug_frame   0x0000000000000504      0x498 ./Drivers/STM32L4xx_HAL_Driver/Src/stm32l4xx_hal.o
 .debug_frame   0x000000000000099c      0x498 ./Drivers/STM32L4xx_HAL_Driver/Src/stm32l4xx_hal_cortex.o
 .debug_frame   0x0000000000000e34      0x24c ./Drivers/STM32L4xx_HAL_Driver/Src/stm32l4xx_hal_dma.o
 .debug_frame   0x0000000000001080      0x14c ./Drivers/STM32L4xx_HAL_Driver/Src/stm32l4xx_hal_gpio.o
 .debug_frame   0x00000000000011cc      0x230 ./Drivers/STM32L4xx_HAL_Driver/Src/stm32l4xx_hal_pwr.o
 .debug_frame   0x00000000000013fc      0x5c4 ./Drivers/STM32L4xx_HAL_Driver/Src/stm32l4xx_hal_pwr_ex.o
 .debug_frame   0x00000000000019c0      0x248 ./Drivers/STM32L4xx_HAL_Driver/Src/stm32l4xx_hal_rcc.o
 .debug_frame   0x0000000000001c08      0x464 ./Drivers/STM32L4xx_HAL_Driver/Src/stm32l4xx_hal_rcc_ex.o
 .debug_frame   0x000000000000206c      0x860 ./Drivers/STM32L4xx_HAL_Driver/Src/stm32l4xx_hal_spi.o
 .debug_frame   0x00000000000028cc      0xa94 ./Drivers/STM32L4xx_HAL_Driver/Src/stm32l4xx_hal_uart.o
 .debug_frame   0x0000000000003360      0x29c ./Drivers/STM32L4xx_HAL_Driver/Src/stm32l4xx_hal_uart_ex.o
 .debug_frame   0x00000000000035fc       0x2c c:/st/stm32cubeide_1.7.0/stm32cubeide/plugins/com.st.stm32cube.ide.mcu.externaltools.gnu-tools-for-stm32.10.3-2021.10.win32_1.0.0.202111181127/tools/bin/../lib/gcc/arm-none-eabi/10.3.1/../../../../arm-none-eabi/lib/thumb/v7e-m+fp/hard\libc_nano.a(lib_a-init.o)
 .debug_frame   0x0000000000003628       0x20 c:/st/stm32cubeide_1.7.0/stm32cubeide/plugins/com.st.stm32cube.ide.mcu.externaltools.gnu-tools-for-stm32.10.3-2021.10.win32_1.0.0.202111181127/tools/bin/../lib/gcc/arm-none-eabi/10.3.1/../../../../arm-none-eabi/lib/thumb/v7e-m+fp/hard\libc_nano.a(lib_a-memset.o)
 .debug_frame   0x0000000000003648       0x2c c:/st/stm32cubeide_1.7.0/stm32cubeide/plugins/com.st.stm32cube.ide.mcu.externaltools.gnu-tools-for-stm32.10.3-2021.10.win32_1.0.0.202111181127/tools/bin/../lib/gcc/arm-none-eabi/10.3.1/thumb/v7e-m+fp/hard\libgcc.a(_aeabi_uldivmod.o)
 .debug_frame   0x0000000000003674       0x34 c:/st/stm32cubeide_1.7.0/stm32cubeide/plugins/com.st.stm32cube.ide.mcu.externaltools.gnu-tools-for-stm32.10.3-2021.10.win32_1.0.0.202111181127/tools/bin/../lib/gcc/arm-none-eabi/10.3.1/thumb/v7e-m+fp/hard\libgcc.a(_udivmoddi4.o)

.debug_ranges   0x0000000000000000       0x68
 .debug_ranges  0x0000000000000000       0x18 ./Core/Src/main.o
 .debug_ranges  0x0000000000000018       0x20 ./Core/Startup/startup_stm32l4r5zitxp.o
 .debug_ranges  0x0000000000000038       0x30 ./Drivers/STM32L4xx_HAL_Driver/Src/stm32l4xx_hal_uart.o
