../Core/Src/main.c:104:5:main	8	static
../Core/Src/main.c:162:6:SystemClock_Config	96	static
../Core/Src/main.c:207:13:MX_SPI1_Init	8	static
../Core/Src/main.c:247:13:MX_USART2_UART_Init	8	static
../Core/Src/main.c:295:13:MX_USART3_UART_Init	8	static
../Core/Src/main.c:343:13:MX_GPIO_Init	64	static
../Core/Src/main.c:600:9:keypad	104	static
../Core/Src/main.c:666:6:toggleArmed	24	static
../Core/Src/main.c:678:6:HAL_UART_RxCpltCallback	16	static
../Core/Src/main.c:704:6:Error_Handler	4	static,ignoring_inline_asm
